------------------------------------------------------------
TimeQuest Timing Analyzer Summary
------------------------------------------------------------

Type  : Slow Model Setup 'clk_1hz'
Slack : -4.298
TNS   : -153.961

Type  : Slow Model Setup 'clk'
Slack : -4.149
TNS   : -85.363

Type  : Slow Model Hold 'clk'
Slack : -2.732
TNS   : -2.732

Type  : Slow Model Hold 'clk_1hz'
Slack : 0.445
TNS   : 0.000

Type  : Slow Model Minimum Pulse Width 'clk'
Slack : -1.631
TNS   : -41.957

Type  : Slow Model Minimum Pulse Width 'clk_1hz'
Slack : -0.611
TNS   : -46.436

Type  : Fast Model Setup 'clk_1hz'
Slack : -1.113
TNS   : -38.923

Type  : Fast Model Setup 'clk'
Slack : -0.955
TNS   : -16.307

Type  : Fast Model Hold 'clk'
Slack : -1.561
TNS   : -1.561

Type  : Fast Model Hold 'clk_1hz'
Slack : 0.215
TNS   : 0.000

Type  : Fast Model Minimum Pulse Width 'clk'
Slack : -1.380
TNS   : -34.380

Type  : Fast Model Minimum Pulse Width 'clk_1hz'
Slack : -0.500
TNS   : -38.000

------------------------------------------------------------
